
> @magic-vault/web@1.0.1 build C:\Users\User\Documents\Coding\magic-vault\packages\web
> tsc -b && vite build

[36mvite v6.4.1 [32mbuilding for production...[36m[39m
transforming...
[32m✓[39m 8778 modules transformed.
rendering chunks...
computing gzip size...
[2mdist/[22m[32mindex.html                                                   [39m[1m[2m    0.47 kB[22m[1m[22m[2m │ gzip:   0.30 kB[22m
[2mdist/[22m[32massets/jetbrains-mono-vietnamese-wght-normal-Bt-aOZkq.woff2  [39m[1m[2m    7.50 kB[22m[1m[22m
[2mdist/[22m[32massets/jetbrains-mono-greek-wght-normal-Bw9x6K1M.woff2       [39m[1m[2m    9.00 kB[22m[1m[22m
[2mdist/[22m[32massets/figtree-latin-ext-wght-normal-DCwSJGxG.woff2          [39m[1m[2m   10.28 kB[22m[1m[22m
[2mdist/[22m[32massets/jetbrains-mono-cyrillic-wght-normal-D73BlboJ.woff2    [39m[1m[2m   12.11 kB[22m[1m[22m
[2mdist/[22m[32massets/geist-mono-cyrillic-wght-normal-BZdD_g9V.woff2        [39m[1m[2m   12.62 kB[22m[1m[22m
[33m
(!) Some chunks are larger than 500 kB after minification. Consider:
[2mdist/[22m[32massets/geist-mono-latin-ext-wght-normal-b6lpi8_2.woff2       [39m[1m[2m   13.04 kB[22m[1m[22m
- Using dynamic import() to code-split the application
[2mdist/[22m[32massets/jetbrains-mono-latin-ext-wght-normal-DBQx-q_a.woff2   [39m[1m[2m   15.20 kB[22m[1m[22m
[2mdist/[22m[32massets/figtree-latin-wght-normal-D_ZTVpCC.woff2              [39m[1m[2m   20.16 kB[22m[1m[22m
[2mdist/[22m[32massets/geist-mono-latin-wght-normal-Cjtb1TV-.woff2           [39m[1m[2m   31.37 kB[22m[1m[22m
- Use build.rollupOptions.output.manualChunks to improve chunking: https://rollupjs.org/configuration-options/#output-manualchunks
[2mdist/[22m[32massets/jetbrains-mono-latin-wght-normal-B9CIFXIH.woff2       [39m[1m[2m   40.40 kB[22m[1m[22m
[2mdist/[22m[35massets/index-Bq4i0H9S.css                                    [39m[1m[2m  148.68 kB[22m[1m[22m[2m │ gzip:  25.06 kB[22m
[2mdist/[22m[36massets/index-CUoM1gZG.js                                     [39m[1m[33m2,147.44 kB[39m[22m[2m │ gzip: 630.95 kB[22m
- Adjust chunk size limit for this warning via build.chunkSizeWarningLimit.[39m
[32m✓ built in 34.99s[39m
